Apex Time (min)	Class	Start Time	Start Height	End Time	End Height
7.717	A	7.643	0.0009362241275	7.83	0.0010347997750000007
8.218	A	8.12	0.001205300299999999	8.307	0.0013283981925
8.367	A	8.307	0.0013283981925	8.468	0.0014343808699999998
10.471	A	10.305	0.0029631001135	10.6	0.003182751420000001
12.56	A	12.478	0.005116912288	12.64	0.005351795440000001
