Apex Time (min)	Class	Start Time	Start Height	End Time	End Height
7.696	A	7.61	0.0008641031699999991	7.948	0.001238234355999999
8.196	A	8.11	0.001234800084	8.277	0.0013983004987999986
8.345	A	8.277	0.0013983004987999986	8.598	0.0017125737512000009
10.459	A	10.317	0.0029022507790000002	10.637	0.003241350619000001
12.551	A	12.423	0.004961578327000001	12.725	0.005346703525
