Apex Time (min)	Class	Start Time	Start Height	End Time	End Height
7.693	A	7.613	0.0008608097942999996	7.907	0.0010284900776999992
8.193	A	8.09	0.0011310000370000003	8.273	0.0012537800988999996
8.343	A	8.273	0.0012537800988999996	8.538	0.0014315763634000006
10.451	A	10.288	0.002862609072000001	10.777	0.003289490913
12.543	A	12.428	0.005004610804000002	12.7	0.005322400100000001
