Apex Time (min)	Class	Start Time	Start Height	End Time	End Height
7.692	A	7.603	0.0008587864059999995	7.935	0.0010713998699999998
8.194	A	8.105	0.001153800234	8.275	0.0012846578699999998
8.344	A	8.275	0.0012846578699999998	8.573	0.0015140436084000002
10.454	A	10.303	0.0028902104222000005	10.747	0.0032751883478
12.543	A	12.413	0.004994790956	12.692	0.005333500304
