Apex Time (min)	Class	Start Time	Start Height	End Time	End Height
1.051	B	0.883	5.1984449610000003E-05	1.183	6.598445061000001E-05
1.305	B	1.183	6.594219390000002E-05	1.633	0.0001439421789
2.169	B	1.95	8.299999449999999E-05	2.533	0.00011698056342999998
3.134	B	2.933	2.5964879199999978E-05	3.5	8.600019999999999E-05
4.796	B	4.55	5.000019500000044E-06	5.233	6.597026157000003E-05
