Apex Time (min)	Class	Start Time	Start Height	End Time	End Height
0.973	B	0.85	-4.899997499999999E-05	1.133	-9.394702549999999E-05
1.29	B	1.15	-9.300000500000007E-05	1.6	0.00012899997999999996
2.281	B	2.117	0.00013598906209	2.633	0.00011901099540999999
3.418	B	3.233	-5.302449999997766E-08	3.8	8.999989999999999E-05
5.436	B	5.15	-1.7999794999999956E-05	5.867	0.00011005977489999999
