Apex Time (min)	Class	Start Time	Start Height	End Time	End Height
1.714	A	1.625	-0.0011850000775	1.983	-0.00119225306442
2.092	A	1.983	-0.00119225306442	2.267	-0.00119800683058
12.075	A	11.7	-0.0002899997800000001	12.608	-0.0001520504271999999
17.176	A	16.783	0.0001730870968999999	17.717	-6.908574690000016E-05
23.337	A	22.65	0.00022900081000000027	24.375	0.0005210008750000002
