Apex Time (min)	Class	Start Time	Start Height	End Time	End Height
8.114	A	7.85	0.0028060004692	8.333	0.002805332727496
8.503	B	8.333	0.002805332727496	8.9	0.0028045488568
9.213	A	8.9	0.0028045488568	9.617	0.0028035576129039996
10.057	A	9.783	0.0028033281198959997	10.9	0.0028017838807999997
12.649	B	12.2	0.0027999866464	13.617	0.0027980276609039997
16.127	A	15.767	0.0027955700322226	16.85	0.00279488961343
19	B	18.517	0.00279500690235	19.3	0.002811022815
