Apex Time (min)	Class	Start Time	Start Height	End Time	End Height
1.051	B	0.883	6.0966670000000005E-05	1.183	9.096667000000002E-05
1.305	B	1.183	9.095038869999999E-05	1.633	0.0001579503937
2.161	B	1.95	0.00010800000549999999	2.533	0.00011599543656999999
3.114	B	2.933	3.9982986509999976E-05	3.5	6.900004499999998E-05
4.752	B	4.517	9.039042700000077E-06	5.167	8.503905769999991E-05
