Apex Time (min)	Class	Start Time	Start Height	End Time	End Height
1.02	B	0.883	-2.8831249999999972E-05	1.15	-0.00016399999999999992
1.302	B	1.167	-0.00016270899999999981	1.667	0.00027329100000000016
2.156	B	1.95	0.00016700002299999998	2.533	0.00015700573562
3.107	B	2.933	3.7973300000000005E-05	3.533	8.59733E-05
4.278	B	4.15	1.3999999999999988E-05	4.5	6.999999999999994E-06
4.743	B	4.5	6.999979999999979E-06	5.233	7.396952812E-05
