Apex Time (min)	Class	Start Time	Start Height	End Time	End Height
4.247	A	4.13	1.3E-05	4.68	1.3E-05
10.847	A	10.33	1.3999702000000013E-05	12.03	0.0002749996819999998
