Apex Time (min)	Class	Start Time	Start Height	End Time	End Height
4.272	A	4.122	5.3E-05	4.688	5.3E-05
10.822	A	10.255	0.00010199994750000009	12.038	0.00042893885099999987
