Apex Time (min)	Class	Start Time	Start Height	End Time	End Height
9.725	A	9.342	-0.00013912	10.058	-0.00013912
11.142	A	10.608	-0.00016403152863999986	12.592	2.403167264E-05
12.925	A	12.592	2.392391359999982E-05	13.342	-0.0001460761114000001
