Apex Time (min)	Class	Start Time	Start Height	End Time	End Height
4.327	B	4.043	5.5E-05	4.777	5.5E-05
11.177	A	10.66	3.200018200000027E-05	12.377	0.00035006189790000026
