Apex Time (min)	Class	Start Time	Start Height	End Time	End Height
9.513	A	9.213	0.00010058	9.88	0.00010058
10.913	A	10.447	0.0001470581625999999	12.03	0.0004230000740000001
12.68	A	12.363	0.0003580554932999997	12.997	0.00025137808269999964
