Apex Time (min)	Class	Start Time	Start Height	End Time	End Height
3.91	A	3.693	1.1799145236E-05	4.227	1.0796534604E-05
9.077	A	8.577	-1.3528655030000032E-05	10.31	4.135477910000002E-05
