Apex Time (min)	Class	Start Time	Start Height	End Time	End Height
2.522	A	2.355	-1.1217674499999986E-05	2.872	1.9284343199999995E-05
3.922	A	3.672	1.4235871439999997E-05	4.238	-1.474176074000002E-05
5.022	A	4.805	-4.8252992699999986E-05	5.288	-6.454175232000002E-05
9.088	A	8.638	-0.00013909428222000006	9.722	-6.220582618000014E-05
