Apex Time (min)	Class	Start Time	Start Height	End Time	End Height
2.537	A	2.353	-2.3820381800000007E-05	2.953	4.308525819999995E-05
3.903	A	3.653	5.799651791000001E-05	4.32	0.00010109637040000004
5.02	A	4.77	-4.825339900000041E-06	5.37	3.149393810000003E-05
9.087	A	8.703	-1.5874064350000024E-05	9.67	2.0662628499999996E-05
