Apex Time (min)	Class	Start Time	Start Height	End Time	End Height
2.53	A	2.38	5.099999954E-05	2.847	4.8681103101000004E-05
3.913	A	3.713	4.4380965379E-05	4.247	4.1729379301E-05
5.013	A	4.797	3.9006000000000006E-05	5.297	4.8005999999999994E-05
9.147	A	8.713	7.096864788999993E-05	10.613	0.0002499686548899999
