Apex Time (min)	Class	Start Time	Start Height	End Time	End Height
2.528	A	2.378	2.32074608986E-05	2.895	2.35845884615E-05
9.045	A	8.595	-6.048068429999998E-05	9.895	-2.0326063000000163E-06
