Apex Time (min)	Class	Start Time	Start Height	End Time	End Height
2.557	A	2.323	1.354564853E-05	2.99	4.4501858900000005E-05
3.973	A	3.657	4.773417388E-05	4.723	2.245594532E-05
5.057	A	4.723	2.2449162395999996E-05	5.49	1.9934669479999998E-05
9.207	A	8.773	-3.2336149313E-05	9.823	-3.9278729362999995E-05
