Apex Time (min)	Class	Start Time	Start Height	End Time	End Height
2.537	A	2.337	2.6020148339000004E-05	2.853	2.8786190591000002E-05
3.903	A	3.653	5.094416589999993E-06	4.637	-1.4891577890000003E-05
5.02	A	4.637	-1.4890248239999996E-05	5.453	-2.8224928560000015E-05
9.153	A	8.703	-3.857235594999998E-05	9.837	-1.944591504999998E-05
