Apex Time (min)	Class	Start Time	Start Height	End Time	End Height
3.054	A	2.842	-2.1008835420000003E-05	3.742	-4.485299442E-05
6.579	A	6.158	-0.0004572157992	7.025	0.0001039998899999995
12.062	A	11.692	-0.00028896927547999995	13.142	-0.00043103257597999984
