Apex Time (min)	Class	Start Time	Start Height	End Time	End Height
2.862	A	2.635	0.00018000026349999985	3.468	0.0006438147468
6.183	A	5.835	-3.9000353499999644E-05	6.802	0.00034213099580000014
11.238	A	10.885	0.00022199990749999997	12.568	0.000280988216
