Apex Time (min)	Class	Start Time	Start Height	End Time	End Height
1.531	A	1.383	-0.00034155828100000023	1.867	0.0004685575309999997
2.703	B	2.55	-0.0005430004500000009	2.867	-1.4309930000001164E-06
3.556	A	3.267	-0.0003801390889999999	4.017	0.001558860661
5.154	A	4.783	0.0005682905820000011	5.65	0.0024160011000000006
