Apex Time (min)	Class	Start Time	Start Height	End Time	End Height
1.524	A	1.383	-0.00024284499999999978	1.85	0.0009410000000000004
2.699	B	2.55	0.0005009999999999999	2.883	0.000536964
3.552	A	3.267	0.0009558809110000004	4.017	0.002939880661000002
5.153	A	4.783	0.0022923778730000004	5.65	0.003913001150000001
