Apex Time (min)	Class	Start Time	Start Height	End Time	End Height
0.817	B	0.7	2.6999800000000046E-05	0.833	0.000552638942
0.928	B	0.833	0.000552638942	1.083	0.0015406824420000002
1.52	A	1.383	0.0007035725000000001	1.783	0.0012165725000000001
2.695	B	2.583	0.0006512059999999999	2.917	0.0004447940000000001
3.55	A	3.283	0.0004503930000000003	3.933	0.0016333930000000003
5.155	A	4.817	0.0012093331367999996	5.583	0.0019746670232
