Apex Time (min)	Class	Start Time	Start Height	End Time	End Height
1.539	A	1.4	0.00010900039999999986	1.85	0.0009530006000000005
2.718	B	2.567	7.825136560000025E-05	2.883	0.00031674819439999995
3.574	A	3.3	3.100149999999899E-05	4.017	0.001664761285
5.18	A	4.817	0.00023055499499999906	5.667	0.0016485547449999983
