Apex Time (min)	Class	Start Time	Start Height	End Time	End Height
2.083	B	1.892	0.00017989435880000001	2.333	4.010569369999992E-05
2.575	A	2.35	3.8999919999999967E-05	3.217	0.0001610468164
4.175	A	3.933	-1.1239799999990209E-08	4.758	2.798876520000002E-05
5.558	A	5.258	-3.0068999800000017E-05	6.483	0.00022393095270000006
8.5	A	8.058	-5.2045605599999965E-05	9.65	0.00016399962000000008
