Apex Time (min)	Class	Start Time	Start Height	End Time	End Height
2.575	A	2.375	1.0000007499999983E-05	3.075	-2.2999994500000025E-05
3.925	A	3.692	2.2028430400000036E-05	4.383	8.097155960000001E-05
5.017	A	4.725	4.999812499999895E-06	5.75	0.00018299977499999993
7.258	B	6.858	1.796393179999986E-05	8.15	0.000158000065
