Apex Time (min)	Class	Start Time	Start Height	End Time	End Height
2.317	B	2.167	0.000135	2.375	0.000135
2.567	A	2.375	0.000135	3.117	0.000135
4.067	A	3.833	0.00011100787531	4.55	9.39999685E-05
5.342	B	4.858	8.096094559999992E-05	6.15	0.00023199988000000005
8.042	B	7.558	8.596010439999998E-05	8.983	0.0002579601694000001
