Apex Time (min)	Class	Start Time	Start Height	End Time	End Height
2.575	A	2.367	5.3021792109999994E-05	3.117	0.00010202178961
4.092	A	3.85	3.400000000000001E-05	4.517	7.402000000000003E-05
5.383	B	5.025	0.00024999999325	6.183	0.00017802071659
8.117	B	7.692	0.00011301508984	9.017	0.00017301509133999999
