Apex Time (min)	Class	Start Time	Start Height	End Time	End Height
2	B	1.858	0.00012802628654	2.175	0.00010299997025000002
2.308	B	2.183	0.00010298379426999999	2.375	0.00011231896675
2.575	A	2.375	0.00011231896675	3.15	0.00015000000149999998
4.083	A	3.842	8.902546646E-05	4.483	0.00013797455328999996
5.367	B	4.858	6.198905081999997E-05	6.317	0.00011001099992999999
8.058	B	7.558	4.795806300000004E-05	8.95	0.00022299997499999988
