Apex Time (min)	Class	Start Time	Start Height	End Time	End Height
2.47	B	2.257	-1.90297249513	2.96	-1.8451550264
3.061	B	2.96	-1.8451550264	3.177	-1.82730809793
3.271	B	3.177	-1.82730809793	3.357	-1.81250419413
3.509	B	3.357	-1.81250419413	4.003	-1.75937462827
4.08	B	4.003	-1.75937462827	4.177	-1.7450641879300002
4.338	B	4.177	-1.7450641879300002	5.673	-1.62202729857
