Apex Time (min)	Class	Start Time	Start Height	End Time	End Height
2.474	B	2.283	-1.9930237836500002	2.963	-1.9447550376500002
3.127	B	2.963	-1.9447550376500002	3.16	-1.9307712980000002
3.273	B	3.16	-1.9307712980000002	3.36	-1.9165746080000001
3.51	B	3.36	-1.9165746080000001	3.983	-1.8723519186500002
4.088	B	3.983	-1.8723519186500002	4.18	-1.8583681790000002
4.34	B	4.18	-1.8583681790000002	5.707	-1.7499764508500002
