Apex Time (min)	Class	Start Time	Start Height	End Time	End Height
2.477	B	2.28	-2.0230005576	2.967	-1.97222811114
3.069	B	2.967	-1.97222811114	3.173	-1.95700376766
3.277	B	3.173	-1.95700376766	3.36	-1.9431836112
3.517	B	3.36	-1.9431836112	3.993	-1.89640201206
4.092	B	3.993	-1.89640201206	4.183	-1.88236014186
4.345	B	4.183	-1.88236014186	5.703	-1.77002518026
