Apex Time (min)	Class	Start Time	Start Height	End Time	End Height
0.114	B	0.003	2.13802034306	0.917	2.0829801953400002
2.496	B	0.917	2.08301372579	2.963	2.16645956981
3.049	B	2.963	2.16645956981	3.323	2.18114212301
3.491	B	3.323	2.18114212301	4.123	2.21377001901
4.285	B	4.123	2.21377001901	5.673	2.27698656751
