Apex Time (min)	Class	Start Time	Start Height	End Time	End Height
2.475	B	2.273	-1.9440295120299997	2.963	-1.88213244793
3.14	B	2.963	-1.88213244793	3.157	-1.8647295052699997
3.268	B	3.157	-1.8647295052699997	3.357	-1.8467883272699999
3.508	B	3.357	-1.8467883272699999	3.983	-1.7906324401299998
4.087	B	3.983	-1.7906324401299998	4.173	-1.7735883210299999
4.336	B	4.173	-1.7735883210299999	5.673	-1.6390294860299999
