Apex Time (min)	Class	Start Time	Start Height	End Time	End Height
2.468	B	2.273	-1.8630335243000002	2.963	-1.7947850033000003
3.058	B	2.963	-1.7947850033000003	3.183	-1.7730246053000003
3.266	B	3.183	-1.7730246053000003	3.35	-1.7565064850000003
3.507	B	3.35	-1.7565064850000003	4.17	-1.6753995470000003
4.335	B	4.17	-1.6753995470000003	5.64	-1.5300005240000003
