Apex Time (min)	Class	Start Time	Start Height	End Time	End Height
2.822	A	2.583	0.00010136479056	3.233	0.00013009369856
6.061	A	5.783	5.7381626000000004E-05	6.433	-4.0299073999999963E-05
10.969	A	10.583	-0.00011406492750000002	11.6	-9.981930000000004E-05
