Apex Time (min)	Class	Start Time	Start Height	End Time	End Height
2.843	A	2.603	0.00010670859522	3.403	0.00015545558721999998
6.093	A	5.787	-0.0001229798325000002	6.57	1.02104249999999E-05
10.996	A	10.587	-0.00013970124400000065	11.837	0.0001670337559999996
