Apex Time (min)	Class	Start Time	Start Height	End Time	End Height
2.843	A	2.603	0.00015776655277000001	3.537	0.00023356960983000001
6.093	A	5.803	-8.022789559999997E-05	6.637	5.217360760000002E-05
10.996	A	10.637	-0.00011725911677799999	11.603	-0.00011627746178199999
