Apex Time (min)	Class	Start Time	Start Height	End Time	End Height
2.844	A	2.603	9.288989709E-05	3.353	6.631966959E-05
6.096	A	5.82	-0.00014711290599999987	6.437	-6.817287709999997E-05
10.996	A	10.587	-0.00011823892629999992	11.837	0.00014281744869999984
