Apex Time (min)	Class	Start Time	Start Height	End Time	End Height
2.843	A	2.62	0.0002976598198	3.603	0.00028755781387
6.093	A	5.77	-0.00015774146957	6.837	-0.000148728457617
10.996	A	10.553	-0.0006994294954999996	12.47	-0.00020201304499999984
