Apex Time (min)	Class	Start Time	Start Height	End Time	End Height
2.865	A	2.635	-0.00014191019950000004	3.235	1.0985580499999988E-05
11.238	A	10.852	5.096168360000015E-05	12.035	0.00019959297550000018
