Apex Time (min)	Class	Start Time	Start Height	End Time	End Height
3.054	A	2.858	-0.00039993600439999994	3.525	-8.589359500000009E-05
6.579	A	6.142	-0.00071996114514	7.342	-0.00063471994914
12.062	A	11.692	-0.0009432702479600001	12.908	-0.0009081693500400001
